node : node:internal/modules/cjs/loader:1503
At line:1 char:58
+ ... un\mali-musavir-next"; node node_modules\.bin\next build 2>&1 | Tee-O ...
+                            ~~~~~~~~~~~~~~~~~~~~~~~~~~~~~~~~~~~~~~
    + CategoryInfo          : NotSpecified: (node:internal/modules/cjs/loader:1503:String) [], RemoteException
    + FullyQualifiedErrorId : NativeCommandError
 
  throw err;
  ^

Error: Cannot find module 'C:\Users\Selin\OneDrive\AliOrhun\mali-musavir-next\node_modules\.bin\next'
    at Module._resolveFilename (node:internal/modules/cjs/loader:1500:15)
    at wrapResolveFilename (node:internal/modules/cjs/loader:1071:27)
    at defaultResolveImplForCJSLoading (node:internal/modules/cjs/loader:1095:10)
    at resolveForCJSWithHooks (node:internal/modules/cjs/loader:1116:12)
    at Module._load (node:internal/modules/cjs/loader:1285:25)
    at wrapModuleLoad (node:internal/modules/cjs/loader:255:19)
    at Module.executeUserEntryPoint [as runMain] (node:internal/modules/run_main:154:5)
    at node:internal/main/run_main_module:33:47 {
  code: 'MODULE_NOT_FOUND',
  requireStack: []
}

Node.js v24.17.0
